// Jest Snapshot v1, https://goo.gl/fbAQLP

exports[`renders correctly 1`] = `
<section>
  <div
    className="homeContainer"
  >
    <h2>
      Welcome to our page!
    </h2>
    <br />
    <p
      className="homeP"
    >
      Lorem ipsum dolor sit amet, consectetur adipiscing elit, sed do eiusmod tempor incididunt ut labore et dolore magna aliqua. Ut enim ad minim veniam, quis nostrud exercitation ullamco laboris nisi ut aliquip ex ea commodo consequat.Lorem ipsum dolor sit amet, consectetur adipiscing elit, sed do eiusmod tempor incididunt ut labore et dolore magna aliqua. Ut enim ad minim veniam, quis nostrud exercitation ullamco laboris nisi ut aliquip ex ea commodo consequat. veniam, quis nostrud exercitation ullamco laboris nisi ut aliquip ex ea commodo consequat.quis nostrud exercitation ullamco laboris nisi ut aliquip ex ea
    </p>
    <p
      className="homeP"
    >
      Lorem ipsum dolor sit amet, consectetur adipiscing elit, sed do eiusmod tempor incididunt ut labore et dolore magna aliqua. Ut enim ad minim veniam, quis nostrud exercitation ullamco laboris nisi ut aliquip ex ea commodo consequat.Lorem ipsum dolor sit amet, consectetur adipiscing elit, sed do eiusmod tempor incididunt ut labore et dolore magna aliqua. Ut enim ad minim veniam, quis nostrud exercitation ullamco laboris nisi ut aliquip ex ea commodo consequat. veniam, quis nostrud exercitation ullamco laboris nisi ut aliquip ex ea commodo consequat.quis nostrud exercitation ullamco laboris nisi ut aliquip ex ea
    </p>
  </div>
</section>
`;
